../Core/Src/lcd_i2c.c:56:9:_I2C_SLAVE_ADDR_SCANNER	16	static
../Core/Src/lcd_i2c.c:73:6:LCD_Init	8	static
../Core/Src/lcd_i2c.c:101:6:LCD_SEND_COMMAND	32	static,ignoring_inline_asm
../Core/Src/lcd_i2c.c:122:6:LCD_SEND_DATA	32	static,ignoring_inline_asm
../Core/Src/lcd_i2c.c:144:6:LCD_SEND_STRING	16	static
../Core/Src/lcd_i2c.c:154:6:LCD_SET_HOME_POSITION	8	static
../Core/Src/lcd_i2c.c:158:6:LCD_SET_CURSOR	24	static,ignoring_inline_asm
../Core/Src/lcd_i2c.c:176:6:LCD_CLEAR_DISPLAY	8	static
../Core/Src/lcd_i2c.c:182:6:LCD_DECREMENT_CURSOR_MODE	8	static
../Core/Src/lcd_i2c.c:186:6:LCD_INCREMENT_CURSOR_MODE	8	static
../Core/Src/lcd_i2c.c:192:6:LCD_CURSOR_ON	8	static
../Core/Src/lcd_i2c.c:196:6:LCD_CURSOR_OFF	8	static
../Core/Src/lcd_i2c.c:200:6:LCD_CURSOR_BLINK_ON	8	static
../Core/Src/lcd_i2c.c:204:6:LCD_CURSOR_BLINK_OFF	8	static
../Core/Src/lcd_i2c.c:208:6:LCD_INCREMENT_CURSOR	8	static
../Core/Src/lcd_i2c.c:212:6:LCD_DECREMENT_CURSOR	8	static
../Core/Src/lcd_i2c.c:216:6:LCD_SHIFT_DISP_RIGHT	8	static
../Core/Src/lcd_i2c.c:220:6:LCD_SHIFT_DISP_LEFT	8	static
../Core/Src/lcd_i2c.c:224:6:LCD_SCROLL_RIGHT	8	static
../Core/Src/lcd_i2c.c:228:6:LCD_SCROLL_LEFT	8	static
../Core/Src/lcd_i2c.c:232:6:LCD_AUTO_SCROLL	16	static
../Core/Src/lcd_i2c.c:249:6:LCD_CLEAR_ROW	24	static
